H2O@DESKTOP-3CJ0T18 MINGW64 ~
$  git --version
git version 2.46.0.windows.1

H2O@DESKTOP-3CJ0T18 MINGW64 ~
$ git help c
fatal: 'C:/Program Files/Git/mingw64/share/doc/git-doc/gitc.html': documentation file not found.

H2O@DESKTOP-3CJ0T18 MINGW64 ~
$  git help config

H2O@DESKTOP-3CJ0T18 MINGW64 ~
$ mkdir test

H2O@DESKTOP-3CJ0T18 MINGW64 ~
$ cd test

H2O@DESKTOP-3CJ0T18 MINGW64 ~/test
$ git init
Initialized empty Git repository in C:/Users/H2O/test/.git/

H2O@DESKTOP-3CJ0T18 MINGW64 ~/test (master)
$ git status
On branch master

No commits yet

Untracked files:
  (use "git add <file>..." to include in what will be committed)
        demo.txt

nothing added to commit but untracked files present (use "git add" to track)

H2O@DESKTOP-3CJ0T18 MINGW64 ~/test (master)
$ git add demo.txt

H2O@DESKTOP-3CJ0T18 MINGW64 ~/test (master)
$ git commit -m "committing a text file"
[master (root-commit) 2579a9c] committing a text file
 1 file changed, 1 insertion(+)
 create mode 100644 demo.txt

H2O@DESKTOP-3CJ0T18 MINGW64 ~/test (master)
$ git config --global user.username shabz-dev

H2O@DESKTOP-3CJ0T18 MINGW64 ~/test (master)
$ git remote add origin https://github.com/shabz-dev/test_demo.git

H2O@DESKTOP-3CJ0T18 MINGW64 ~/test (master)
$ git push origin master

Enumerating objects: 3, done.
Counting objects: 100% (3/3), done.
Writing objects: 100% (3/3), 229 bytes | 76.00 KiB/s, done.
Total 3 (delta 0), reused 0 (delta 0), pack-reused 0 (from 0)
To https://github.com/shabz-dev/test_demo.git
 * [new branch]      master -> master


